  retry 0 https://en.wikipedia.org/w/api.php?action=query&list=categorymembers&cmtitle=Category%3AFootball+derbies+in+Sw HTTP Error 429: Too Many Requests
  retry 1 https://en.wikipedia.org/w/api.php?action=query&list=categorymembers&cmtitle=Category%3AFootball+derbies+in+Sw HTTP Error 429: Too Many Requests
  retry 0 https://en.wikipedia.org/w/api.php?action=query&list=categorymembers&cmtitle=Category%3AFootball+rivalries+in+ HTTP Error 429: Too Many Requests
  retry 0 https://en.wikipedia.org/w/api.php?action=query&list=categorymembers&cmtitle=Category%3AFootball+derbies+in+Wa HTTP Error 429: Too Many Requests
  retry 1 https://en.wikipedia.org/w/api.php?action=query&list=categorymembers&cmtitle=Category%3AFootball+derbies+in+Wa HTTP Error 429: Too Many Requests
  retry 0 https://en.wikipedia.org/w/api.php?action=query&list=categorymembers&cmtitle=Category%3AFootball+rivalries+in+ HTTP Error 429: Too Many Requests
  retry 1 https://en.wikipedia.org/w/api.php?action=query&list=categorymembers&cmtitle=Category%3AFootball+rivalries+in+ HTTP Error 429: Too Many Requests
  retry 0 https://en.wikipedia.org/w/api.php?action=query&list=categorymembers&cmtitle=Category%3AFootball+derbies+in+Ro HTTP Error 429: Too Many Requests
  retry 1 https://en.wikipedia.org/w/api.php?action=query&list=categorymembers&cmtitle=Category%3AFootball+derbies+in+Ro HTTP Error 429: Too Many Requests
categories {'Category:Football rivalries in Belgium': 4, 'Category:Football derbies in Switzerland': 1, 'Category:Football rivalries in Germany': 16, 'Category:Football rivalries in Spain': 26, 'Category:Football derbies in France': 15, 'Category:Football derbies in England': 69, 'Category:Football derbies in Wales': 4, 'Category:Football derbies in the United Kingdom': 5, 'Category:Football derbies in Greece': 11, 'Category:Football derbies in Italy': 19, 'Category:Football derbies in the Netherlands': 8, 'Category:Football rivalries in Romania': 6, 'Category:Football rivalries in Serbia': 2}
articles to read 194
  retry 0 https://en.wikipedia.org/w/api.php?action=parse&page=Football+rivalries+in+Belgium&prop=wikitext&redirects=1&f HTTP Error 429: Too Many Requests
  retry 0 https://en.wikipedia.org/w/api.php?action=parse&page=Thuringia+derby&prop=wikitext&redirects=1&format=json&for HTTP Error 429: Too Many Requests
  retry 1 https://en.wikipedia.org/w/api.php?action=parse&page=Thuringia+derby&prop=wikitext&redirects=1&format=json&for HTTP Error 429: Too Many Requests
  retry 0 https://en.wikipedia.org/w/api.php?action=parse&page=El+Cl%C3%A1sico+%28basketball%29&prop=wikitext&redirects= HTTP Error 429: Too Many Requests
  retry 1 https://en.wikipedia.org/w/api.php?action=parse&page=El+Cl%C3%A1sico+%28basketball%29&prop=wikitext&redirects= HTTP Error 429: Too Many Requests
  retry 0 https://en.wikipedia.org/w/api.php?action=query&titles=1965%E2%80%9366+French+Division+1%7C2012%E2%80%9313+Lig HTTP Error 429: Too Many Requests
  retry 0 https://en.wikipedia.org/w/api.php?action=query&titles=1965%E2%80%9366+Football+League%7C2020%E2%80%9321+EFL+L HTTP Error 429: Too Many Requests
  retry 1 https://en.wikipedia.org/w/api.php?action=query&titles=1965%E2%80%9366+Football+League%7C2020%E2%80%9321+EFL+L HTTP Error 429: Too Many Requests
  retry 0 https://en.wikipedia.org/w/api.php?action=query&titles=1907%E2%80%9308+Football+League%7C2002+FA+Cup+final%7C2 HTTP Error 429: Too Many Requests
  retry 1 https://en.wikipedia.org/w/api.php?action=query&titles=1907%E2%80%9308+Football+League%7C2002+FA+Cup+final%7C2 HTTP Error 429: Too Many Requests
  retry 0 https://en.wikipedia.org/w/api.php?action=query&titles=2018%E2%80%9319+Scottish+Cup%7C2026-27+Scottish+League+ HTTP Error 429: Too Many Requests
  retry 0 https://en.wikipedia.org/w/api.php?action=query&titles=1919%E2%80%9320+Southern+Football+League%7C1949%E2%80%9 HTTP Error 429: Too Many Requests
  retry 1 https://en.wikipedia.org/w/api.php?action=query&titles=1919%E2%80%9320+Southern+Football+League%7C1949%E2%80%9 HTTP Error 429: Too Many Requests
  retry 0 https://en.wikipedia.org/w/api.php?action=query&titles=1907%E2%80%9308+Football+League%7C1934%E2%80%9335+Footb HTTP Error 429: Too Many Requests
  retry 1 https://en.wikipedia.org/w/api.php?action=query&titles=1907%E2%80%9308+Football+League%7C1934%E2%80%9335+Footb HTTP Error 429: Too Many Requests
  retry 0 https://en.wikipedia.org/w/api.php?action=query&titles=1892%E2%80%9393+Football+League%7C2021%E2%80%9322+EFL+C HTTP Error 429: Too Many Requests
  retry 0 https://en.wikipedia.org/w/api.php?action=query&titles=1896+Scottish+Cup+final%7C2012+Scottish+Cup+final%7C201 HTTP Error 429: Too Many Requests
  retry 1 https://en.wikipedia.org/w/api.php?action=query&titles=1896+Scottish+Cup+final%7C2012+Scottish+Cup+final%7C201 HTTP Error 429: Too Many Requests
  retry 0 https://en.wikipedia.org/w/api.php?action=query&titles=1967+FA+Cup+final%7C2021%E2%80%9322+in+English+football HTTP Error 429: Too Many Requests
  retry 1 https://en.wikipedia.org/w/api.php?action=query&titles=1967+FA+Cup+final%7C2021%E2%80%9322+in+English+football HTTP Error 429: Too Many Requests
  retry 0 https://en.wikipedia.org/w/api.php?action=query&titles=1900%E2%80%9301+FA+Cup%7C1908%E2%80%9309+Football+Leagu HTTP Error 429: Too Many Requests
  retry 0 https://en.wikipedia.org/w/api.php?action=query&titles=1899%E2%80%931900+FA+Cup%7C2009+Upton+Park+riot%7C2026% HTTP Error 429: Too Many Requests
  retry 1 https://en.wikipedia.org/w/api.php?action=query&titles=1899%E2%80%931900+FA+Cup%7C2009+Upton+Park+riot%7C2026% HTTP Error 429: Too Many Requests
  retry 0 https://en.wikipedia.org/w/api.php?action=query&titles=2014+Scottish+League+Cup+final%7CAberdeen+F.C.%7CAberde HTTP Error 429: Too Many Requests
  retry 1 https://en.wikipedia.org/w/api.php?action=query&titles=2014+Scottish+League+Cup+final%7CAberdeen+F.C.%7CAberde HTTP Error 429: Too Many Requests
  retry 0 https://en.wikipedia.org/w/api.php?action=query&titles=Arthur+Watkin%7CAssociation+football%7CBet365+Stadium%7 HTTP Error 429: Too Many Requests
  retry 0 https://en.wikipedia.org/w/api.php?action=query&titles=2023%E2%80%9324+National+League%7CAssociation+football% HTTP Error 429: Too Many Requests
  retry 1 https://en.wikipedia.org/w/api.php?action=query&titles=2023%E2%80%9324+National+League%7CAssociation+football% HTTP Error 429: Too Many Requests
  retry 0 https://en.wikipedia.org/w/api.php?action=query&titles=1911%E2%80%9312+Scottish+Division+Two%7C2014+Scottish+C HTTP Error 429: Too Many Requests
  retry 1 https://en.wikipedia.org/w/api.php?action=query&titles=1911%E2%80%9312+Scottish+Division+Two%7C2014+Scottish+C HTTP Error 429: Too Many Requests
  retry 0 https://en.wikipedia.org/w/api.php?action=query&titles=West+Yorkshire%7Cassociation+football%7Crugby+league&re HTTP Error 429: Too Many Requests
  retry 0 https://en.wikipedia.org/w/api.php?action=parse&page=De+Klassieker&prop=wikitext&redirects=1&format=json&forma HTTP Error 429: Too Many Requests
  retry 1 https://en.wikipedia.org/w/api.php?action=parse&page=De+Klassieker&prop=wikitext&redirects=1&format=json&forma HTTP Error 429: Too Many Requests
articles 97
  retry 0 https://www.wikidata.org/w/api.php?format=json&action=wbgetentities&props=labels|claims|sitelinks&languages=en HTTP Error 429: Too Many Requests
  retry 1 https://www.wikidata.org/w/api.php?format=json&action=wbgetentities&props=labels|claims|sitelinks&languages=en HTTP Error 429: Too Many Requests
  retry 0 https://www.wikidata.org/w/api.php?format=json&action=wbgetentities&props=labels|claims|sitelinks&languages=en HTTP Error 429: Too Many Requests
names 779
